app/room/[code]/page.tsx(328,12): error TS2741: Property 'players' is missing in type '{ currentUserId: string; isAdmin: boolean; roomCode: string; squads: any; teams: Team[]; trades: any; }' but required in type '{ roomCode: string; teams: Team[]; players: Player[]; squads: SquadEntry[]; trades: Trade[]; currentUserId: string | null; isAdmin?: boolean | undefined; }'.
app/room/[code]/page.tsx(332,30): error TS2339: Property 'squads' does not exist on type 'RoomSnapshot'.
app/room/[code]/page.tsx(334,30): error TS2339: Property 'trades' does not exist on type 'RoomSnapshot'.
